// Vitest Snapshot v1, https://vitest.dev/guide/snapshot.html

exports[`get_archive_info > narrates the collection's shape 1`] = `
"I've been to 11 concerts across 40 years, from 1984 to 2024 — 8 venues in 6 cities.

The artists I've seen most: Social Distortion (5), Depeche Mode (3), Adam Ant (1), Peter Gabriel (1), Peter Hook and the Light (1).
The rooms I keep returning to: Pacific Amphitheatre (4), Dodger Stadium (1), Hollywood Bowl (1), Irvine Meadows (1), Rose Bowl (1).
My busiest decade was the 1980s, with 3 shows.
More New Wave than anything else — 6 shows.

The longest I went without a show was 3060 days, between Peter Gabriel in May 2002 and Social Distortion in Sep 2010."
`;

exports[`get_artist_history > 5+ shows scales the closing arc 1`] = `
"I've seen [Social Distortion](https://concerts.morperhaus.org/?scene=artists&artist=social-distortion) 5 times, across 34 years (1990–2024).
Formed 1978, Punk.

1. June 4, 1990 — [Pacific Amphitheatre](https://concerts.morperhaus.org/?scene=venues&venue=pacific-amphitheatre), Costa Mesa [concert-5]
2. July 10, 1995 — [Pacific Amphitheatre](https://concerts.morperhaus.org/?scene=venues&venue=pacific-amphitheatre), Costa Mesa [concert-6]
3. August 15, 2000 — [The Roxy](https://concerts.morperhaus.org/?scene=venues&venue=the-roxy), Los Angeles [concert-7]
4. September 20, 2010 — [Pacific Amphitheatre](https://concerts.morperhaus.org/?scene=venues&venue=pacific-amphitheatre), Costa Mesa [concert-8]
5. October 25, 2024 — [Pacific Amphitheatre](https://concerts.morperhaus.org/?scene=venues&venue=pacific-amphitheatre), Costa Mesa [concert-9]

Known for Story of My Life and Ball and Chain.

Social Distortion is one of the artists I've seen most — 5 times over 34 years.

---
**Open on the site:** [Social Distortion](https://concerts.morperhaus.org/?scene=artists&artist=social-distortion) · [Pacific Amphitheatre](https://concerts.morperhaus.org/?scene=venues&venue=pacific-amphitheatre) · [The Roxy](https://concerts.morperhaus.org/?scene=venues&venue=the-roxy)"
`;

exports[`get_artist_history > single show 1`] = `
"I've seen [Adam Ant](https://concerts.morperhaus.org/?scene=artists&artist=adam-ant) 1 time.
Formed 1977, New Wave.

1. April 27, 1984 — [Irvine Meadows](https://concerts.morperhaus.org/?scene=venues&venue=irvine-meadows), Irvine [concert-1]
   With Romeo Void opening.

A single show. Adam Ant appears in the archive once.

---
**Open on the site:** [Adam Ant](https://concerts.morperhaus.org/?scene=artists&artist=adam-ant) · [Irvine Meadows](https://concerts.morperhaus.org/?scene=venues&venue=irvine-meadows)"
`;

exports[`get_concert_setlist > falls back to the opener's set, clearly labeled, when the headliner's is missing 1`] = `
"[Adam Ant](https://concerts.morperhaus.org/?scene=artists&artist=adam-ant) at [Irvine Meadows](https://concerts.morperhaus.org/?scene=venues&venue=irvine-meadows), Irvine
April 27, 1984 [concert-1]

I don't have Adam Ant's own setlist from that night, but I do have Romeo Void's opening set:
1. Never Say Never

---
**Open on the site:** [Adam Ant](https://concerts.morperhaus.org/?scene=artists&artist=adam-ant) · [Irvine Meadows](https://concerts.morperhaus.org/?scene=venues&venue=irvine-meadows)"
`;

exports[`get_concert_setlist > headliner setlist by concert id, with tour and link footer 1`] = `
"[Social Distortion](https://concerts.morperhaus.org/?scene=artists&artist=social-distortion) at [Pacific Amphitheatre](https://concerts.morperhaus.org/?scene=venues&venue=pacific-amphitheatre), Costa Mesa
June 4, 1990 [concert-5]
On the Stories of Life tour.

1. Story of My Life
2. Ball and Chain
3. Mommy's Little Monster

---
**Open on the site:** [Social Distortion](https://concerts.morperhaus.org/?scene=artists&artist=social-distortion) · [Pacific Amphitheatre](https://concerts.morperhaus.org/?scene=venues&venue=pacific-amphitheatre)"
`;

exports[`get_concert_setlist > no cache entry at all → graceful gap that offers best-known tracks 1`] = `
"I don't have a setlist on record for [Social Distortion](https://concerts.morperhaus.org/?scene=artists&artist=social-distortion) at [Pacific Amphitheatre](https://concerts.morperhaus.org/?scene=venues&venue=pacific-amphitheatre) on October 25, 2024 [concert-9].

If it helps, they're best known for Story of My Life and Ball and Chain.

---
**Open on the site:** [Social Distortion](https://concerts.morperhaus.org/?scene=artists&artist=social-distortion) · [Pacific Amphitheatre](https://concerts.morperhaus.org/?scene=venues&venue=pacific-amphitheatre)"
`;

exports[`get_venue_history > repeat venue 1`] = `
"[Pacific Amphitheatre](https://concerts.morperhaus.org/?scene=venues&venue=pacific-amphitheatre), Costa Mesa, California — 4 shows in the archive.

1. June 4, 1990 — [Social Distortion](https://concerts.morperhaus.org/?scene=artists&artist=social-distortion) [concert-5]
2. July 10, 1995 — [Social Distortion](https://concerts.morperhaus.org/?scene=artists&artist=social-distortion) [concert-6]
3. September 20, 2010 — [Social Distortion](https://concerts.morperhaus.org/?scene=artists&artist=social-distortion) [concert-8]
4. October 25, 2024 — [Social Distortion](https://concerts.morperhaus.org/?scene=artists&artist=social-distortion) [concert-9]

Visited 4 times, 1990 to 2024.

---
**Open on the site:** [Pacific Amphitheatre](https://concerts.morperhaus.org/?scene=venues&venue=pacific-amphitheatre) · [Social Distortion](https://concerts.morperhaus.org/?scene=artists&artist=social-distortion)"
`;

exports[`get_venue_history > single visit pulls closure context from notes 1`] = `
"[Irvine Meadows](https://concerts.morperhaus.org/?scene=venues&venue=irvine-meadows), Irvine, California — 1 show in the archive.
Demolished for residential development.

1. April 27, 1984 — [Adam Ant](https://concerts.morperhaus.org/?scene=artists&artist=adam-ant) [concert-1]
   With Romeo Void opening.

A single visit — April 27, 1984, Adam Ant.

---
**Open on the site:** [Irvine Meadows](https://concerts.morperhaus.org/?scene=venues&venue=irvine-meadows) · [Adam Ant](https://concerts.morperhaus.org/?scene=artists&artist=adam-ant)"
`;

exports[`on_this_day > multiple shares of a date 1`] = `
"On June 4, across the years:

1988: [Depeche Mode](https://concerts.morperhaus.org/?scene=artists&artist=depeche-mode) at [Rose Bowl](https://concerts.morperhaus.org/?scene=venues&venue=rose-bowl), Pasadena [concert-3]
1990: [Social Distortion](https://concerts.morperhaus.org/?scene=artists&artist=social-distortion) at [Pacific Amphitheatre](https://concerts.morperhaus.org/?scene=venues&venue=pacific-amphitheatre), Costa Mesa [concert-5]

---
**Open on the site:** [Depeche Mode](https://concerts.morperhaus.org/?scene=artists&artist=depeche-mode) · [Rose Bowl](https://concerts.morperhaus.org/?scene=venues&venue=rose-bowl) · [Social Distortion](https://concerts.morperhaus.org/?scene=artists&artist=social-distortion) · [Pacific Amphitheatre](https://concerts.morperhaus.org/?scene=venues&venue=pacific-amphitheatre)"
`;

exports[`search_concerts > caps results and says so honestly 1`] = `
"5 concerts matching "Social Distortion":

[Social Distortion](https://concerts.morperhaus.org/?scene=artists&artist=social-distortion) — [Pacific Amphitheatre](https://concerts.morperhaus.org/?scene=venues&venue=pacific-amphitheatre), Costa Mesa (Jun 1990) [concert-5]
[Social Distortion](https://concerts.morperhaus.org/?scene=artists&artist=social-distortion) — [Pacific Amphitheatre](https://concerts.morperhaus.org/?scene=venues&venue=pacific-amphitheatre), Costa Mesa (Jul 1995) [concert-6]

That's 2 of 5 — try narrowing the search.

---
**Open on the site:** [Social Distortion](https://concerts.morperhaus.org/?scene=artists&artist=social-distortion) · [Pacific Amphitheatre](https://concerts.morperhaus.org/?scene=venues&venue=pacific-amphitheatre)"
`;

exports[`search_concerts > single result 1`] = `
"1 concert matching "Adam Ant":

[Adam Ant](https://concerts.morperhaus.org/?scene=artists&artist=adam-ant) — [Irvine Meadows](https://concerts.morperhaus.org/?scene=venues&venue=irvine-meadows), Irvine (Apr 1984) [concert-1]
  With Romeo Void opening.

---
**Open on the site:** [Adam Ant](https://concerts.morperhaus.org/?scene=artists&artist=adam-ant) · [Irvine Meadows](https://concerts.morperhaus.org/?scene=venues&venue=irvine-meadows)"
`;

exports[`search_concerts > zero results say something real 1`] = `"I don't have anything matching "Nobody At All" in the archive."`;

exports[`surprise_me > only appearance of an artist 1`] = `
"I'm surfacing this one because it's the only time Adam Ant appears in the archive.

[Adam Ant](https://concerts.morperhaus.org/?scene=artists&artist=adam-ant) at [Irvine Meadows](https://concerts.morperhaus.org/?scene=venues&venue=irvine-meadows), Irvine
April 27, 1984 [concert-1]
New Wave • Formed 1977
With Romeo Void opening.

---
**Open on the site:** [Adam Ant](https://concerts.morperhaus.org/?scene=artists&artist=adam-ant) · [Irvine Meadows](https://concerts.morperhaus.org/?scene=venues&venue=irvine-meadows)"
`;
